// Jest Snapshot v1, https://goo.gl/fbAQLP

exports[`Input.Search should support custom Button 1`] = `<span class="gov-input-affix-wrapper gov-input-search gov-input-search-enter-button"><input type="text" class="gov-input"><span class="gov-input-suffix"><button type="button" class="gov-btn gov-btn-default gov-input-search-button"><span>ok</span></button></span></span>`;

exports[`Input.Search should support custom button 1`] = `<span class="gov-input-affix-wrapper gov-input-search gov-input-search-enter-button"><input type="text" class="gov-input"><span class="gov-input-suffix"><button type="button" class="gov-input-search-button">ok</button></span></span>`;
