// Jest Snapshot v1, https://goo.gl/fbAQLP

exports[`Popover should show overlay when trigger is clicked 1`] = `
<div class="gov-popover-content">
  <div class="gov-popover-arrow"></div>
  <div role="tooltip" class="gov-popover-inner">
    <div>
      <div class="gov-popover-title">code</div>
      <div class="gov-popover-inner-content">console.log('hello world')</div>
    </div>
  </div>
</div>
`;

exports[`Popover should show overlay when trigger is clicked 2`] = `
<div class="gov-popover-content">
  <div class="gov-popover-arrow"></div>
  <div role="tooltip" class="gov-popover-inner">
    <div>
      <div class="gov-popover-title">code</div>
      <div class="gov-popover-inner-content">console.log('hello world')</div>
    </div>
  </div>
</div>
`;
