// Jest Snapshot v1, https://goo.gl/fbAQLP

exports[`Spin should only affect the spin element when set style to a nested <Spin>xx</Spin> 1`] = `
<div class="gov-spin-nested-loading" style="background: red;">
  <div>
    <div class="gov-spin gov-spin-spinning"><span class="gov-spin-dot gov-spin-dot-spin"><i></i><i></i><i></i><i></i></span></div>
  </div>
  <div class="gov-spin-container gov-spin-blur">
    <div>content</div>
  </div>
</div>
`;

exports[`Spin should render custom indicator when it's set 1`] = `
<div class="gov-spin gov-spin-spinning">
  <div class="custom-indicator gov-spin-dot"></div>
</div>
`;
