// Jest Snapshot v1, https://goo.gl/fbAQLP

exports[`List should render correctly 1`] = `
<div class="gov-transfer-list">
  <div class="gov-transfer-list-header"><label class="gov-checkbox-wrapper"><span class="gov-checkbox gov-checkbox-indeterminate"><input type="checkbox" class="gov-checkbox-input"><span class="gov-checkbox-inner"></span></span></label><span class="gov-transfer-list-header-selected"><span>1/3 </span><span class="gov-transfer-list-header-title"></span></span></div>
  <div class="gov-transfer-list-body"><span tag="ul" class="gov-transfer-list-content"><li class="gov-transfer-list-content-item"><label class="gov-checkbox-wrapper gov-checkbox-wrapper-checked"><span class="gov-checkbox gov-checkbox-checked"><input type="checkbox" checked="checked" class="gov-checkbox-input"><span class="gov-checkbox-inner"></span></span></label><span></span></li>
    <li class="gov-transfer-list-content-item"><label class="gov-checkbox-wrapper"><span class="gov-checkbox"><input type="checkbox" class="gov-checkbox-input"><span class="gov-checkbox-inner"></span></span></label><span></span></li>
    <li class="gov-transfer-list-content-item gov-transfer-list-content-item-disabled"><label class="gov-checkbox-wrapper gov-checkbox-wrapper-disabled"><span class="gov-checkbox gov-checkbox-disabled"><input type="checkbox" disabled="disabled" class="gov-checkbox-input"><span class="gov-checkbox-inner"></span></span></label><span></span></li>
    </span></div>
</div>
`;
